[1207/171846.842:WARNING:value_store_frontend.cc(45)] Reading mhjfbmdgcfjbbpaeojofohoefgiehjai.alarms from  failed: IO error: .../MANIFEST-000001: Unable to create sequential file (ChromeMethodBFE: 7::NewSequentialFile::1)
[1207/172044.195:ERROR:gpu_init.cc(426)] Passthrough is not supported, GL is disabled
[1207/180623.205:WARNING:angle_platform_impl.cc(48)] HLSLCompiler.cpp:257 (compileToBinary): 
C:\fakepath(102,1-6): warning X4000: use of potentially uninitialized variable (dyn_index_vec4_float4)

[1207/180623.340:WARNING:angle_platform_impl.cc(48)] HLSLCompiler.cpp:257 (compileToBinary): 
C:\fakepath(135,1): warning X4000: use of potentially uninitialized variable (f_i)
C:\fakepath(137,1): warning X4000: use of potentially uninitialized variable (f_i)
C:\fakepath(173,1): warning X4000: use of potentially uninitialized variable (f_u)

[1207/180623.780:WARNING:angle_platform_impl.cc(48)] HLSLCompiler.cpp:257 (compileToBinary): 
C:\fakepath(165,1): warning X4000: use of potentially uninitialized variable (f_renderMipMapLevel)

[1207/180623.786:WARNING:angle_platform_impl.cc(48)] HLSLCompiler.cpp:257 (compileToBinary): 
C:\fakepath(165,1): warning X4000: use of potentially uninitialized variable (f_renderMipMapLevel)

[1207/181552.859:WARNING:angle_platform_impl.cc(48)] HLSLCompiler.cpp:257 (compileToBinary): 
C:\fakepath(102,1-6): warning X4000: use of potentially uninitialized variable (dyn_index_vec4_float4)

[1207/181553.007:WARNING:angle_platform_impl.cc(48)] HLSLCompiler.cpp:257 (compileToBinary): 
C:\fakepath(135,1): warning X4000: use of potentially uninitialized variable (f_i)
C:\fakepath(137,1): warning X4000: use of potentially uninitialized variable (f_i)
C:\fakepath(173,1): warning X4000: use of potentially uninitialized variable (f_u)

[1207/181553.267:WARNING:angle_platform_impl.cc(48)] HLSLCompiler.cpp:257 (compileToBinary): 
C:\fakepath(165,1): warning X4000: use of potentially uninitialized variable (f_renderMipMapLevel)

[1207/181553.278:WARNING:angle_platform_impl.cc(48)] HLSLCompiler.cpp:257 (compileToBinary): 
C:\fakepath(165,1): warning X4000: use of potentially uninitialized variable (f_renderMipMapLevel)

[1207/181553.280:WARNING:angle_platform_impl.cc(48)] HLSLCompiler.cpp:257 (compileToBinary): 
C:\fakepath(165,1): warning X4000: use of potentially uninitialized variable (f_renderMipMapLevel)

[1207/181553.290:WARNING:angle_platform_impl.cc(48)] HLSLCompiler.cpp:257 (compileToBinary): 
C:\fakepath(165,1): warning X4000: use of potentially uninitialized variable (f_renderMipMapLevel)

[1207/181553.444:WARNING:angle_platform_impl.cc(48)] HLSLCompiler.cpp:257 (compileToBinary): 
C:\fakepath(381,10-38): warning X4008: floating point division by zero
C:\fakepath(381,10-38): warning X4008: floating point division by zero

[1207/181553.948:ERROR:gl_utils.cc(314)] [.WebGL-00000708F8955B00] GL_INVALID_OPERATION: Two textures of different types use the same sampler location.
[1207/181553.948:ERROR:gl_utils.cc(314)] [.WebGL-00000708F8955B00] GL_INVALID_OPERATION: Two textures of different types use the same sampler location.
[1207/181553.948:ERROR:gl_utils.cc(314)] [.WebGL-00000708F8955B00] GL_INVALID_OPERATION: Two textures of different types use the same sampler location.
[1207/181553.957:ERROR:gl_utils.cc(314)] [.WebGL-00000708F8955B00] GL_INVALID_OPERATION: Two textures of different types use the same sampler location.
[1207/181553.957:ERROR:gl_utils.cc(314)] [.WebGL-00000708F8955B00] GL_INVALID_OPERATION: Two textures of different types use the same sampler location.
[1207/181553.957:ERROR:gl_utils.cc(314)] [.WebGL-00000708F8955B00] GL_INVALID_OPERATION: Two textures of different types use the same sampler location.
[1207/181603.942:WARNING:angle_platform_impl.cc(48)] HLSLCompiler.cpp:257 (compileToBinary): 
C:\fakepath(102,1-6): warning X4000: use of potentially uninitialized variable (dyn_index_vec4_float4)

[1207/181604.076:WARNING:angle_platform_impl.cc(48)] HLSLCompiler.cpp:257 (compileToBinary): 
C:\fakepath(135,1): warning X4000: use of potentially uninitialized variable (f_i)
C:\fakepath(137,1): warning X4000: use of potentially uninitialized variable (f_i)
C:\fakepath(173,1): warning X4000: use of potentially uninitialized variable (f_u)

[1207/181604.286:WARNING:angle_platform_impl.cc(48)] HLSLCompiler.cpp:257 (compileToBinary): 
C:\fakepath(165,1): warning X4000: use of potentially uninitialized variable (f_renderMipMapLevel)

[1207/181604.287:WARNING:angle_platform_impl.cc(48)] HLSLCompiler.cpp:257 (compileToBinary): 
C:\fakepath(165,1): warning X4000: use of potentially uninitialized variable (f_renderMipMapLevel)

[1207/181604.297:WARNING:angle_platform_impl.cc(48)] HLSLCompiler.cpp:257 (compileToBinary): 
C:\fakepath(165,1): warning X4000: use of potentially uninitialized variable (f_renderMipMapLevel)

[1207/181604.302:WARNING:angle_platform_impl.cc(48)] HLSLCompiler.cpp:257 (compileToBinary): 
C:\fakepath(165,1): warning X4000: use of potentially uninitialized variable (f_renderMipMapLevel)

[1207/181604.738:ERROR:gl_utils.cc(314)] [.WebGL-00000708FB7B4980] GL_INVALID_OPERATION: Two textures of different types use the same sampler location.
[1207/181604.740:ERROR:gl_utils.cc(314)] [.WebGL-00000708FB7B4980] GL_INVALID_OPERATION: Two textures of different types use the same sampler location.
[1207/181604.740:ERROR:gl_utils.cc(314)] [.WebGL-00000708FB7B4980] GL_INVALID_OPERATION: Two textures of different types use the same sampler location.
[1207/181604.740:ERROR:gl_utils.cc(314)] [.WebGL-00000708FB7B4980] GL_INVALID_OPERATION: Two textures of different types use the same sampler location.
[1207/181604.755:ERROR:gl_utils.cc(314)] [.WebGL-00000708FB7B4980] GL_INVALID_OPERATION: Two textures of different types use the same sampler location.
[1207/181604.755:ERROR:gl_utils.cc(314)] [.WebGL-00000708FB7B4980] GL_INVALID_OPERATION: Two textures of different types use the same sampler location.
[1207/181604.755:ERROR:gl_utils.cc(314)] [.WebGL-00000708FB7B4980] GL_INVALID_OPERATION: Two textures of different types use the same sampler location.
[1207/181604.755:ERROR:gl_utils.cc(314)] [.WebGL-00000708FB7B4980] GL_INVALID_OPERATION: Two textures of different types use the same sampler location.
[1207/181636.076:WARNING:angle_platform_impl.cc(48)] HLSLCompiler.cpp:257 (compileToBinary): 
C:\fakepath(102,1-6): warning X4000: use of potentially uninitialized variable (dyn_index_vec4_float4)

[1207/181636.214:WARNING:angle_platform_impl.cc(48)] HLSLCompiler.cpp:257 (compileToBinary): 
C:\fakepath(135,1): warning X4000: use of potentially uninitialized variable (f_i)
C:\fakepath(137,1): warning X4000: use of potentially uninitialized variable (f_i)
C:\fakepath(173,1): warning X4000: use of potentially uninitialized variable (f_u)

[1207/181636.634:WARNING:angle_platform_impl.cc(48)] HLSLCompiler.cpp:257 (compileToBinary): 
C:\fakepath(165,1): warning X4000: use of potentially uninitialized variable (f_renderMipMapLevel)

[1207/181638.909:WARNING:angle_platform_impl.cc(48)] HLSLCompiler.cpp:257 (compileToBinary): 
C:\fakepath(102,1-6): warning X4000: use of potentially uninitialized variable (dyn_index_vec4_float4)

[1207/181639.050:WARNING:angle_platform_impl.cc(48)] HLSLCompiler.cpp:257 (compileToBinary): 
C:\fakepath(135,1): warning X4000: use of potentially uninitialized variable (f_i)
C:\fakepath(137,1): warning X4000: use of potentially uninitialized variable (f_i)
C:\fakepath(173,1): warning X4000: use of potentially uninitialized variable (f_u)

[1207/181639.252:WARNING:angle_platform_impl.cc(48)] HLSLCompiler.cpp:257 (compileToBinary): 
C:\fakepath(165,1): warning X4000: use of potentially uninitialized variable (f_renderMipMapLevel)

[1207/181639.455:ERROR:gl_utils.cc(314)] [.WebGL-00000708F8957B80] GL_INVALID_OPERATION: Two textures of different types use the same sampler location.
[1207/181639.471:ERROR:gl_utils.cc(314)] [.WebGL-00000708F8957B80] GL_INVALID_OPERATION: Two textures of different types use the same sampler location.
[1207/181737.104:WARNING:angle_platform_impl.cc(48)] HLSLCompiler.cpp:257 (compileToBinary): 
C:\fakepath(102,1-6): warning X4000: use of potentially uninitialized variable (dyn_index_vec4_float4)

[1207/181737.227:WARNING:angle_platform_impl.cc(48)] HLSLCompiler.cpp:257 (compileToBinary): 
C:\fakepath(135,1): warning X4000: use of potentially uninitialized variable (f_i)
C:\fakepath(137,1): warning X4000: use of potentially uninitialized variable (f_i)
C:\fakepath(173,1): warning X4000: use of potentially uninitialized variable (f_u)

[1207/181737.419:WARNING:angle_platform_impl.cc(48)] HLSLCompiler.cpp:257 (compileToBinary): 
C:\fakepath(165,1): warning X4000: use of potentially uninitialized variable (f_renderMipMapLevel)

[1207/181737.430:WARNING:angle_platform_impl.cc(48)] HLSLCompiler.cpp:257 (compileToBinary): 
C:\fakepath(165,1): warning X4000: use of potentially uninitialized variable (f_renderMipMapLevel)

[1207/181737.442:WARNING:angle_platform_impl.cc(48)] HLSLCompiler.cpp:257 (compileToBinary): 
C:\fakepath(165,1): warning X4000: use of potentially uninitialized variable (f_renderMipMapLevel)

[1207/181737.449:WARNING:angle_platform_impl.cc(48)] HLSLCompiler.cpp:257 (compileToBinary): 
C:\fakepath(165,1): warning X4000: use of potentially uninitialized variable (f_renderMipMapLevel)

[1207/181740.478:WARNING:angle_platform_impl.cc(48)] HLSLCompiler.cpp:257 (compileToBinary): 
C:\fakepath(102,1-6): warning X4000: use of potentially uninitialized variable (dyn_index_vec4_float4)

[1207/181740.604:WARNING:angle_platform_impl.cc(48)] HLSLCompiler.cpp:257 (compileToBinary): 
C:\fakepath(135,1): warning X4000: use of potentially uninitialized variable (f_i)
C:\fakepath(137,1): warning X4000: use of potentially uninitialized variable (f_i)
C:\fakepath(173,1): warning X4000: use of potentially uninitialized variable (f_u)

[1207/181740.793:WARNING:angle_platform_impl.cc(48)] HLSLCompiler.cpp:257 (compileToBinary): 
C:\fakepath(165,1): warning X4000: use of potentially uninitialized variable (f_renderMipMapLevel)

[1207/181740.795:WARNING:angle_platform_impl.cc(48)] HLSLCompiler.cpp:257 (compileToBinary): 
C:\fakepath(165,1): warning X4000: use of potentially uninitialized variable (f_renderMipMapLevel)

[1207/181740.808:WARNING:angle_platform_impl.cc(48)] HLSLCompiler.cpp:257 (compileToBinary): 
C:\fakepath(165,1): warning X4000: use of potentially uninitialized variable (f_renderMipMapLevel)

[1207/181740.828:WARNING:angle_platform_impl.cc(48)] HLSLCompiler.cpp:257 (compileToBinary): 
C:\fakepath(165,1): warning X4000: use of potentially uninitialized variable (f_renderMipMapLevel)

[1207/181741.253:ERROR:gl_utils.cc(314)] [.WebGL-00000708F8952700] GL_INVALID_OPERATION: Two textures of different types use the same sampler location.
[1207/181741.253:ERROR:gl_utils.cc(314)] [.WebGL-00000708F8952700] GL_INVALID_OPERATION: Two textures of different types use the same sampler location.
[1207/181741.253:ERROR:gl_utils.cc(314)] [.WebGL-00000708F8952700] GL_INVALID_OPERATION: Two textures of different types use the same sampler location.
[1207/181741.253:ERROR:gl_utils.cc(314)] [.WebGL-00000708F8952700] GL_INVALID_OPERATION: Two textures of different types use the same sampler location.
[1207/181741.268:ERROR:gl_utils.cc(314)] [.WebGL-00000708F8952700] GL_INVALID_OPERATION: Two textures of different types use the same sampler location.
[1207/181741.268:ERROR:gl_utils.cc(314)] [.WebGL-00000708F8952700] GL_INVALID_OPERATION: Two textures of different types use the same sampler location.
[1207/181741.268:ERROR:gl_utils.cc(314)] [.WebGL-00000708F8952700] GL_INVALID_OPERATION: Two textures of different types use the same sampler location.
[1207/181741.269:ERROR:gl_utils.cc(314)] [.WebGL-00000708F8952700] GL_INVALID_OPERATION: Two textures of different types use the same sampler location.
[1207/181753.422:WARNING:angle_platform_impl.cc(48)] HLSLCompiler.cpp:257 (compileToBinary): 
C:\fakepath(104,1-6): warning X4000: use of potentially uninitialized variable (dyn_index_mat4x4)
C:\fakepath(82,1-6): warning X4000: use of potentially uninitialized variable (dyn_index_vec4_float4)

[1207/181753.492:WARNING:angle_platform_impl.cc(48)] HLSLCompiler.cpp:257 (compileToBinary): 
C:\fakepath(130,1-6): warning X4000: use of potentially uninitialized variable (dyn_index_mat4x4)
C:\fakepath(108,1-6): warning X4000: use of potentially uninitialized variable (dyn_index_vec4_float4)

[1207/181753.567:WARNING:angle_platform_impl.cc(48)] HLSLCompiler.cpp:257 (compileToBinary): 
C:\fakepath(165,1): warning X4000: use of potentially uninitialized variable (f_renderMipMapLevel)

[1207/181753.608:WARNING:angle_platform_impl.cc(48)] HLSLCompiler.cpp:257 (compileToBinary): 
C:\fakepath(127,1-6): warning X4000: use of potentially uninitialized variable (dyn_index_mat4x4)
C:\fakepath(105,1-6): warning X4000: use of potentially uninitialized variable (dyn_index_vec4_float4)
C:\fakepath(127,1-6): warning X4000: use of potentially uninitialized variable (dyn_index_mat4x4)
C:\fakepath(105,1-6): warning X4000: use of potentially uninitialized variable (dyn_index_vec4_float4)
C:\fakepath(127,1-6): warning X4000: use of potentially uninitialized variable (dyn_index_mat4x4)
C:\fakepath(105,1-6): warning X4000: use of potentially uninitialized variable (dyn_index_vec4_float4)

[1207/181753.841:WARNING:angle_platform_impl.cc(48)] HLSLCompiler.cpp:257 (compileToBinary): 
C:\fakepath(863,1-6): warning X4000: use of potentially uninitialized variable (dyn_index_mat4x4)
C:\fakepath(841,1-6): warning X4000: use of potentially uninitialized variable (dyn_index_vec4_float4)
C:\fakepath(863,1-6): warning X4000: use of potentially uninitialized variable (dyn_index_mat4x4)
C:\fakepath(841,1-6): warning X4000: use of potentially uninitialized variable (dyn_index_vec4_float4)
C:\fakepath(863,1-6): warning X4000: use of potentially uninitialized variable (dyn_index_mat4x4)
C:\fakepath(841,1-6): warning X4000: use of potentially uninitialized variable (dyn_index_vec4_float4)

[1207/181753.864:WARNING:angle_platform_impl.cc(48)] HLSLCompiler.cpp:257 (compileToBinary): 
C:\fakepath(854,1-6): warning X4000: use of potentially uninitialized variable (dyn_index_mat4x4)
C:\fakepath(832,1-6): warning X4000: use of potentially uninitialized variable (dyn_index_vec4_float4)
C:\fakepath(854,1-6): warning X4000: use of potentially uninitialized variable (dyn_index_mat4x4)
C:\fakepath(832,1-6): warning X4000: use of potentially uninitialized variable (dyn_index_vec4_float4)
C:\fakepath(854,1-6): warning X4000: use of potentially uninitialized variable (dyn_index_mat4x4)
C:\fakepath(832,1-6): warning X4000: use of potentially uninitialized variable (dyn_index_vec4_float4)
C:\fakepath(854,1-6): warning X4000: use of potentially uninitialized variable (dyn_index_mat4x4)
C:\fakepath(832,1-6): warning X4000: use of potentially uninitialized variable (dyn_index_vec4_float4)

[1207/181753.892:WARNING:angle_platform_impl.cc(48)] HLSLCompiler.cpp:257 (compileToBinary): 
C:\fakepath(864,1-6): warning X4000: use of potentially uninitialized variable (dyn_index_mat4x4)
C:\fakepath(842,1-6): warning X4000: use of potentially uninitialized variable (dyn_index_vec4_float4)
C:\fakepath(864,1-6): warning X4000: use of potentially uninitialized variable (dyn_index_mat4x4)
C:\fakepath(842,1-6): warning X4000: use of potentially uninitialized variable (dyn_index_vec4_float4)
C:\fakepath(864,1-6): warning X4000: use of potentially uninitialized variable (dyn_index_mat4x4)
C:\fakepath(842,1-6): warning X4000: use of potentially uninitialized variable (dyn_index_vec4_float4)

[1207/181753.990:WARNING:angle_platform_impl.cc(48)] HLSLCompiler.cpp:257 (compileToBinary): 
C:\fakepath(178,1-6): warning X4000: use of potentially uninitialized variable (dyn_index_mat4x4)
C:\fakepath(156,1-6): warning X4000: use of potentially uninitialized variable (dyn_index_vec4_float4)
C:\fakepath(178,1-6): warning X4000: use of potentially uninitialized variable (dyn_index_mat4x4)
C:\fakepath(156,1-6): warning X4000: use of potentially uninitialized variable (dyn_index_vec4_float4)

[1207/181758.475:WARNING:angle_platform_impl.cc(48)] HLSLCompiler.cpp:257 (compileToBinary): 
C:\fakepath(102,1-6): warning X4000: use of potentially uninitialized variable (dyn_index_vec4_float4)

[1207/181758.620:WARNING:angle_platform_impl.cc(48)] HLSLCompiler.cpp:257 (compileToBinary): 
C:\fakepath(135,1): warning X4000: use of potentially uninitialized variable (f_i)
C:\fakepath(137,1): warning X4000: use of potentially uninitialized variable (f_i)
C:\fakepath(173,1): warning X4000: use of potentially uninitialized variable (f_u)

[1207/181758.827:WARNING:angle_platform_impl.cc(48)] HLSLCompiler.cpp:257 (compileToBinary): 
C:\fakepath(165,1): warning X4000: use of potentially uninitialized variable (f_renderMipMapLevel)

[1207/181758.827:WARNING:angle_platform_impl.cc(48)] HLSLCompiler.cpp:257 (compileToBinary): 
C:\fakepath(165,1): warning X4000: use of potentially uninitialized variable (f_renderMipMapLevel)

[1207/181758.832:WARNING:angle_platform_impl.cc(48)] HLSLCompiler.cpp:257 (compileToBinary): 
C:\fakepath(165,1): warning X4000: use of potentially uninitialized variable (f_renderMipMapLevel)

[1207/181758.842:WARNING:angle_platform_impl.cc(48)] HLSLCompiler.cpp:257 (compileToBinary): 
C:\fakepath(165,1): warning X4000: use of potentially uninitialized variable (f_renderMipMapLevel)

[1207/181759.269:ERROR:gl_utils.cc(314)] [.WebGL-00000708FB7B4300] GL_INVALID_OPERATION: Two textures of different types use the same sampler location.
[1207/181759.269:ERROR:gl_utils.cc(314)] [.WebGL-00000708FB7B4300] GL_INVALID_OPERATION: Two textures of different types use the same sampler location.
[1207/181759.269:ERROR:gl_utils.cc(314)] [.WebGL-00000708FB7B4300] GL_INVALID_OPERATION: Two textures of different types use the same sampler location.
[1207/181759.269:ERROR:gl_utils.cc(314)] [.WebGL-00000708FB7B4300] GL_INVALID_OPERATION: Two textures of different types use the same sampler location.
[1207/181759.283:ERROR:gl_utils.cc(314)] [.WebGL-00000708FB7B4300] GL_INVALID_OPERATION: Two textures of different types use the same sampler location.
[1207/181759.285:ERROR:gl_utils.cc(314)] [.WebGL-00000708FB7B4300] GL_INVALID_OPERATION: Two textures of different types use the same sampler location.
[1207/181759.285:ERROR:gl_utils.cc(314)] [.WebGL-00000708FB7B4300] GL_INVALID_OPERATION: Two textures of different types use the same sampler location.
[1207/181759.285:ERROR:gl_utils.cc(314)] [.WebGL-00000708FB7B4300] GL_INVALID_OPERATION: Two textures of different types use the same sampler location.
